<html>
<body>
<pre>
<h1>µVision Build Log</h1>
<h2>Tool Versions:</h2>
IDE-Version: ¶ÃVision V5.43.1.0
Copyright (C) 2025 ARM Ltd and ARM Germany GmbH. All rights reserved.
License Information: ze zhong, cheng, LIC=PE7DL-0PJDU-8TL3P-MRAR5-8JHCX-126U9
 
Tool Versions:
Toolchain:       MDK-ARM Plus  Version: 5.43.0.0
Toolchain Path:  C:\Users\zhong\AppData\Local\Keil_v5\ARM\ARMCC\Bin
C Compiler:      Armcc.exe V5.06 update 7 (build 960)
Assembler:       Armasm.exe V5.06 update 7 (build 960)
Linker/Locator:  ArmLink.exe V5.06 update 7 (build 960)
Library Manager: ArmAr.exe V5.06 update 7 (build 960)
Hex Converter:   FromElf.exe V5.06 update 7 (build 960)
CPU DLL:         SARMCM3.DLL V5.43.0.0
Dialog DLL:      DCM.DLL V1.17.5.0
Target DLL:      Segger\JL2CM3.dll V2.99.45.0
Dialog DLL:      TCM.DLL V1.56.6.0
 
<h2>Project:</h2>
C:\Users\zhong\Desktop\C\Arm_Baisc_Control\MDK-ARM\Mechanical_Arm.uvprojx
Project File Date:  04/06/2026

<h2>Output:</h2>
*** Using Compiler 'V5.06 update 7 (build 960)', folder: 'C:\Users\zhong\AppData\Local\Keil_v5\ARM\ARMCC\Bin'
Rebuild target 'Mechanical_Arm'
assembling startup_stm32f407xx.s...
compiling PID.c...
compiling motorEx.c...
compiling usbd_desc.c...
compiling Task_Init.c...
compiling motor.c...
compiling CANDrive.c...
compiling stm32f4xx_hal_pcd_ex.c...
compiling RobStride2.c...
compiling can.c...
compiling Run.c...
..\MyTask\Run.c(9): warning:  #188-D: enumerated type mixed with another type
  GPIO_PinState sttb=0; 				       // Âê∏ÁõòÂºÄÂÖ≥Áä∂ÊÄ?
..\MyTask\Run.c(99): warning:  #188-D: enumerated type mixed with another type
  			sttb = armtarget_t.air_pump;
..\MyTask\Run.c: 2 warnings, 0 errors
compiling freertos.c...
compiling usbd_cdc_if.c...
compiling usbd_conf.c...
compiling stm32f4xx_it.c...
compiling usb_device.c...
compiling main.c...
compiling usb_trans.c...
compiling stm32f4xx_hal_pcd.c...
compiling stm32f4xx_hal_timebase_tim.c...
compiling stm32f4xx_hal_tim_ex.c...
compiling gpio.c...
compiling stm32f4xx_hal_msp.c...
compiling stm32f4xx_hal_tim.c...
compiling stm32f4xx_ll_usb.c...
compiling stm32f4xx_hal_rcc.c...
compiling croutine.c...
compiling event_groups.c...
compiling list.c...
compiling queue.c...
compiling stream_buffer.c...
compiling timers.c...
compiling tasks.c...
compiling heap_4.c...
compiling cmsis_os.c...
compiling port.c...
compiling stm32f4xx_hal_rcc_ex.c...
compiling stm32f4xx_hal_flash_ex.c...
compiling stm32f4xx_hal_flash.c...
compiling stm32f4xx_hal_flash_ramfunc.c...
compiling stm32f4xx_hal_gpio.c...
compiling stm32f4xx_hal_pwr.c...
compiling stm32f4xx_hal_dma_ex.c...
compiling stm32f4xx_hal_dma.c...
compiling stm32f4xx_hal_pwr_ex.c...
compiling stm32f4xx_hal_cortex.c...
compiling stm32f4xx_hal.c...
compiling stm32f4xx_hal_exti.c...
compiling system_stm32f4xx.c...
compiling stm32f4xx_hal_can.c...
compiling usbd_core.c...
compiling usbd_ctlreq.c...
compiling usbd_ioreq.c...
compiling usbd_cdc.c...
linking...
Program Size: Code=36188 RO-data=488 RW-data=448 ZI-data=26296  
FromELF: creating hex file...
"Mechanical_Arm\Mechanical_Arm.axf" - 0 Error(s), 2 Warning(s).

<h2>Software Packages used:</h2>

Package Vendor: ARM
                https://www.keil.com/pack/ARM.CMSIS.6.2.0.pack
                ARM::CMSIS@6.2.0
                CMSIS (Common Microcontroller Software Interface Standard)
   * Component: CORE Version: 6.1.1

Package Vendor: Keil
                https://www.keil.com/pack/Keil.STM32F4xx_DFP.3.1.1.pack
                Keil::STM32F4xx_DFP@3.1.1
                STMicroelectronics STM32F4 Series Device Support

<h2>Collection of Component include folders:</h2>
  ./RTE/_Mechanical_Arm
  C:/Users/zhong/AppData/Local/Arm/Packs/ARM/CMSIS/6.2.0/CMSIS/Core/Include

<h2>Collection of Component Files used:</h2>

   * Component: ARM::CMSIS:CORE@6.1.1
Build Time Elapsed:  00:00:08
</pre>
</body>
</html>
